     1                                  ; Codul de mai jos va afisa mesajul ”n=”, apoi va citi de la tastatura valoarea numarului n.
     2                                  bits 32
     3                                  
     4                                  global start        
     5                                  
     6                                  ; declararea functiilor externe folosite de program
     7                                  extern exit, printf, scanf ; adaugam printf si scanf ca functii externa            
     8                                  import exit msvcrt.dll    
     9                                  import printf msvcrt.dll    ; indicam asamblorului ca functia printf se gaseste in libraria msvcrt.dll
    10                                  import scanf msvcrt.dll     ; similar pentru scanf
    11                                                            
    12                                  segment data use32 class=data
    13 00000000 00000000                	a dd 0       ; in aceasta variabila se va stoca valoarea citita de la tastatura
    14 00000004 00000000                    b dd 0
    15 00000008 00000000                    rezultat dd 0
    16 0000000C 612F623D20256400            msj_rez dd "a/b= %d"
    17                                      ; sirurile de caractere sunt de tip byte
    18 00000014 6E3D00                  	message  db "n=", 0  ; sirurile de caractere pentru functiile C trebuie sa se termine cu valoarea 0 (nu caracterul)
    19 00000017 256400                  	format  db "%d", 0  ; %d <=> un numar decimal (baza 10)
    20                                      
    21                                  segment code use32 class=code
    22                                      start:
    23                                         
    24 00000000 68[00000000]                    push dword a ; ! pe stiva se pune adresa string-ului, nu valoarea
    25 00000005 68[17000000]                    push dword format
    26 0000000A FF15[00000000]                  call [scanf]     
    27 00000010 83C408                          add esp, 4 * 2      
    28                                          
    29                                          
    30 00000013 68[04000000]                    push dword b     
    31 00000018 68[17000000]                    push dword format
    32 0000001D FF15[00000000]                  call [scanf]      
    33 00000023 83C408                          add esp, 4 * 2    
    34                                                             
    35                                          
    36 00000026 A1[00000000]                    mov eax, [a]
    37 0000002B 99                              cdq
    38 0000002C F73D[04000000]                  idiv dword[b]
    39 00000032 A3[08000000]                    mov [rezultat], eax
    40                                          
    41 00000037 FF35[08000000]                  push dword [rezultat]
    42 0000003D 68[0C000000]                    push dword msj_rez
    43 00000042 FF15[00000000]                  call [printf]
    44 00000048 83C408                          add esp, 4 * 2
    45                                          
    46                                          
    47 0000004B 6A00                            push dword 0      ; punem pe stiva parametrul pentru exit
    48 0000004D FF15[00000000]                  call [exit]       ; apelam exit pentru a incheia programul
