     1                                  bits 32
     2                                  
     3                                  global start
     4                                  
     5                                  ;extern reverse
     6                                  
     7                                  extern printf, scanf, exit, _getch
     8                                  import printf msvcrt.dll
     9                                  import scanf msvcrt.dll
    10                                  import exit msvcrt.dll
    11                                  import _getch msvcrt.dll
    12                                  
    13                                  segment data use32 class=data
    14 00000000 257300                      format db "%s", 0
    15 00000003 <res 00000065>              cuvant resb 101
    16 00000068 <res 00000065>              cuvantrez resb 101
    17 000000CD 257300                      format_output db "%s", 0
    18 000000D0 496E74727564756365-         mesaj_input db "Intruduceti o propozitie:", 10, 13, 0
    18 000000D9 7469206F2070726F70-
    18 000000E2 6F7A697469653A0A0D-
    18 000000EB 00                 
    19                                  
    20                                  segment code use32 class=code
    21                                  start:
    22 00000000 68[D0000000]                push mesaj_input
    23 00000005 FF15[00000000]              call [printf]
    24 0000000B 83C404                      add esp, 4
    25                                      
    26                                      cuvinte:
    27                                      
    28 0000000E 68[03000000]                push cuvant
    29 00000013 68[00000000]                push format
    30 00000018 FF15[00000000]              call [scanf]
    31 0000001E 83C408                      add esp, 4*2
    32                                      
    33 00000021 68[03000000]                push cuvant
    34 00000026 FF15[00000000]              call [printf]
    35 0000002C 83C404                      add esp, 4
    36                                      
    37 0000002F FF15[00000000]              call [_getch]
    38 00000035 83F80A                      cmp eax, 10
    39 00000038 7424                        je final
    40                                      
    41 0000003A EBD2                        jmp cuvinte
    42                                      
    43 0000003C 83F801                      cmp eax, 1
    44 0000003F 751D                        jne final
    45                                      
    46                                      
    47                                      
    48 00000041 EBCB                        jmp cuvinte
    49                                      
    50 00000043 68[68000000]                push cuvantrez
    51 00000048 68[03000000]                push cuvant
    52                                      ;call reverse
    53 0000004D 83C408                      add esp, 4*2
    54                                      
    55 00000050 68[68000000]                push cuvantrez
    56 00000055 FF15[00000000]              call [printf]
    57 0000005B 83C404                      add esp, 4
    58                                      
    59                                      final:
    60 0000005E 6A00                        push 0
    61 00000060 FF15[00000000]              call [exit]
    62                                      
