     1                                  bits 32
     2                                  global start
     3                                  
     4                                  extern exit
     5                                  import exit msvcrt.dll
     6                                  
     7                                  segment data use32 class=data
     8 00000000 616263646566                s db 'abcdef'
     9                                      l equ $-s
    10 00000006 <res 00000006>              d resb l
    11                                      
    12                                  ; Se da un sir de caractere s.
    13                                  ; Se cere sirul de caractere d obtinut prin inversarea sirului s, folosind instructiuni pe siruri.
    14                                  segment code use32 class=code
    15                                      start:
    16 00000000 B906000000                      mov ecx, l
    17 00000005 BE[05000000]                    mov esi, s+l-1
    18 0000000A BF[06000000]                    mov edi, d
    19 0000000F E306                            jecxz final
    20                                          
    21                                          bucla:
    22 00000011 FD                                  std
    23 00000012 AC                                  lodsb
    24 00000013 FC                                  cld
    25 00000014 AA                                  stosb
    26 00000015 E2FA                            loop bucla
    27                                          
    28                                          final:
    29 00000017 6A00                            push dword 0        ; push the parameter for exit onto the stack
    30 00000019 FF15[00000000]                  call [exit]         ; call exit to terminate the program
