     1                                  bits 32
     2                                  global start
     3                                  extern exit
     4                                  import exit msvcrt.dll
     5                                  
     6                                  segment data use32 class=data
     7 00000000 0400                        e dw 4
     8 00000002 0500                        f dw 5
     9 00000004 0900                        g dw 9
    10 00000006 <res 00000004>              rez resd 1
    11                                  
    12                                  segment code use32 class=code
    13                                  start:
    14 00000000 66A1[00000000]              mov ax, [e]
    15 00000006 660305[02000000]            add ax, [f]
    16 0000000D 66F725[04000000]            mul WORD [g] ; rez = DX:AX = 9*9 = 81 = 51(16)
    17                                      
    18 00000014 6A00                        push dword 0
    19 00000016 FF15[00000000]              call [exit]
